error[E0609]: no field `s` on type `&'static str`
 --> $DIR/parse_key.rs:4:16
  |
4 |     json!({ "".s : true });
  |                ^
