error: no rules expected the token `=>`
 --> $DIR/unexpected_after_map_entry.rs:4:23
  |
4 |     json!({ "k": true => });
  |                       ^^ no rules expected this token in macro call
