error: no rules expected the token `=>`
 --> $DIR/unexpected_after_array_element.rs:4:18
  |
4 |     json!([ true => ]);
  |                  ^^ no rules expected this token in macro call
